eeschema (2013-mar-13)-testing  >> Creation date: Sun 14 Apr 2013 09:57:43 AM CEST
#Cmp ( order = Reference )
| C1         10uF        
| C2         10pF        
| C3         10pF        
| D0:0       D           
| D0:1       D           
| D0:2       D           
| D0:6       D           
| D0:10      D           
| D0:11      D           
| D0:12      D           
| D0:13      D           
| D0:14      D           
| D1:0       D           
| D1:3       D           
| D1:4       D           
| D1:5       D           
| D1:6       D           
| D1:7       D           
| D1:8       D           
| D1:9       D           
| D1:10      D           
| D1:11      D           
| D1:12      D           
| D1:13      D           
| D1:14      D           
| D2:0       D           
| D2:1       D           
| D2:2       D           
| D2:3       D           
| D2:4       D           
| D2:5       D           
| D2:6       D           
| D2:7       D           
| D2:8       D           
| D2:9       D           
| D2:10      D           
| D2:11      D           
| D2:13      D           
| D2:14      D           
| D3:0       D           
| D3:1       D           
| D3:2       D           
| D3:3       D           
| D3:4       D           
| D3:5       D           
| D3:6       D           
| D3:7       D           
| D3:8       D           
| D3:9       D           
| D3:10      D           
| D3:11      D           
| D3:12      D           
| D3:13      D           
| D3:14      D           
| D4:0       D           
| D4:1       D           
| D4:2       D           
| D4:3       D           
| D4:4       D           
| D4:5       D           
| D4:6       D           
| D4:7       D           
| D4:8       D           
| D4:9       D           
| D4:10      D           
| D4:11      D           
| D4:12      D           
| D4:13      D           
| D4:14      D           
| D:1:2      D           
| P1         PAD         
| P2         PAD         
| P3         PAD         
| P4         PAD         
| P5         PAD         
| P6         PAD         
| R1         22          
| R2         22          
| R3         1K          
| SW0:0      L.CTRL      
| SW0:1      FN          
| SW0:2      L.ALT       
| SW0:6      SPACE       
| SW0:10     R.ALT       
| SW0:11     R.CTRL      
| SW0:12     LEFT        
| SW0:13     DOWN        
| SW0:14     RIGHT       
| SW1:0      L.SHIFT     
| SW1:2      Z           
| SW1:3      X           
| SW1:4      C           
| SW1:5      V           
| SW1:6      B           
| SW1:7      N           
| SW1:8      M           
| SW1:9      ,           
| SW1:10     .           
| SW1:11     /           
| SW1:12     L.SHIFT     
| SW1:13     UP          
| SW1:14     PAUSE       
| SW2:0      SH.LK       
| SW2:1      A           
| SW2:2      S           
| SW2:3      D           
| SW2:4      F           
| SW2:5      G           
| SW2:6      H           
| SW2:7      J           
| SW2:8      K           
| SW2:9      L           
| SW2:10     :           
| SW2:11     APOS        
| SW2:13     RET         
| SW2:14     PRINT       
| SW3:0      TAB         
| SW3:1      Q           
| SW3:2      W           
| SW3:3      E           
| SW3:4      R           
| SW3:5      T           
| SW3:6      Y           
| SW3:7      U           
| SW3:8      I           
| SW3:9      O           
| SW3:10     P           
| SW3:11     [           
| SW3:12     ]           
| SW3:13     \           
| SW3:14     DEL         
| SW4:0      TILDE       
| SW4:1      1           
| SW4:2      2           
| SW4:3      3           
| SW4:4      4           
| SW4:5      5           
| SW4:6      6           
| SW4:7      7           
| SW4:8      8           
| SW4:9      9           
| SW4:10     0           
| SW4:11     -           
| SW4:12     =           
| SW4:13     BK.SP       
| SW4:14     INS         
| U1         ATMEGA32U4_TQFP44
| X1         MINI-USB    
| X2         CRYSTAL     
#End Cmp

#Cmp ( order = Value )
| 10pF         C2        
| 10pF         C3        
| 10uF         C1        
| D            D0:0      
| D            D0:1      
| D            D0:2      
| D            D0:6      
| D            D0:10     
| D            D0:11     
| D            D0:12     
| D            D0:13     
| D            D0:14     
| D            D1:0      
| D            D1:3      
| D            D1:4      
| D            D1:5      
| D            D1:6      
| D            D1:7      
| D            D1:8      
| D            D1:9      
| D            D1:10     
| D            D1:11     
| D            D1:12     
| D            D1:13     
| D            D1:14     
| D            D2:0      
| D            D2:1      
| D            D2:2      
| D            D2:3      
| D            D2:4      
| D            D2:5      
| D            D2:6      
| D            D2:7      
| D            D2:8      
| D            D2:9      
| D            D2:10     
| D            D2:11     
| D            D2:13     
| D            D2:14     
| D            D3:0      
| D            D3:1      
| D            D3:2      
| D            D3:3      
| D            D3:4      
| D            D3:5      
| D            D3:6      
| D            D3:7      
| D            D3:8      
| D            D3:9      
| D            D3:10     
| D            D3:11     
| D            D3:12     
| D            D3:13     
| D            D3:14     
| D            D4:0      
| D            D4:1      
| D            D4:2      
| D            D4:3      
| D            D4:4      
| D            D4:5      
| D            D4:6      
| D            D4:7      
| D            D4:8      
| D            D4:9      
| D            D4:10     
| D            D4:11     
| D            D4:12     
| D            D4:13     
| D            D4:14     
| PAD          P1        
| PAD          P2        
| PAD          P3        
| PAD          P4        
| PAD          P5        
| PAD          P6        
| 22           R1        
| 22           R2        
| 1K           R3        
| 0            SW4:10    
| 1            SW4:1     
| 2            SW4:2     
| 3            SW4:3     
| 4            SW4:4     
| 5            SW4:5     
| 6            SW4:6     
| 7            SW4:7     
| 8            SW4:8     
| 9            SW4:9     
| L.CTRL       SW0:0     
| FN           SW0:1     
| L.ALT        SW0:2     
| SPACE        SW0:6     
| R.ALT        SW0:10    
| R.CTRL       SW0:11    
| LEFT         SW0:12    
| DOWN         SW0:13    
| RIGHT        SW0:14    
| L.SHIFT      SW1:0     
| Z            SW1:2     
| X            SW1:3     
| C            SW1:4     
| V            SW1:5     
| B            SW1:6     
| N            SW1:7     
| M            SW1:8     
| ,            SW1:9     
| .            SW1:10    
| /            SW1:11    
| L.SHIFT      SW1:12    
| UP           SW1:13    
| PAUSE        SW1:14    
| SH.LK        SW2:0     
| A            SW2:1     
| S            SW2:2     
| D            SW2:3     
| F            SW2:4     
| G            SW2:5     
| H            SW2:6     
| J            SW2:7     
| K            SW2:8     
| L            SW2:9     
| :            SW2:10    
| APOS         SW2:11    
| RET          SW2:13    
| PRINT        SW2:14    
| TAB          SW3:0     
| Q            SW3:1     
| W            SW3:2     
| E            SW3:3     
| R            SW3:4     
| T            SW3:5     
| Y            SW3:6     
| U            SW3:7     
| I            SW3:8     
| O            SW3:9     
| P            SW3:10    
| [            SW3:11    
| ]            SW3:12    
| \            SW3:13    
| DEL          SW3:14    
| TILDE        SW4:0     
| -            SW4:11    
| =            SW4:12    
| BK.SP        SW4:13    
| INS          SW4:14    
| ATMEGA32U4_TQFP44 U1        
| MINI-USB     X1        
| CRYSTAL      X2        
| D            D:1:2     
#End Cmp

#End List
